g++ -g  -I./include -pthread -m64 -I/usr/local/root-5.34.36/include -I/home/uiuc/softwarerepo/install/include -I/include -o libAnalysis.so -shared  Analysis.cc  src/Cluster.cxx src/Configuration.cxx src/HistoManager.cxx src/Hit.cxx src/Processor.cxx src/TreeManager.cxx Analysis_dict.C -Wl,--no-as-needed  -lSpectrum  -L/home/uiuc/softwarerepo/install/lib -L/lib -lpmonitor -lEvent -lNoRootEvent -lmessage  -L/usr/local/root-5.34.36/lib -lGui -lCore -lCint -lRIO -lNet -lHist -lGraf -lGraf3d -lGpad -lTree -lRint -lPostscript -lMatrix -lPhysics -lMathCore -lThread -pthread -lm -ldl -rdynamic -fPIC 
